Running ExUnit with seed: 19520, max_cases: 1


FulfillmentPipelineWeb.ErrorHTMLTest [test/fulfillment_pipeline_web/controllers/error_html_test.exs]
  * test renders 500.html [L#11]
  * test renders 500.html (20.3ms) [L#11]
  * test renders 404.html [L#7]
  * test renders 404.html (0.4ms) [L#7]

FulfillmentPipelineWeb.ErrorJSONTest [test/fulfillment_pipeline_web/controllers/error_json_test.exs]
  * test renders 500 [L#8]
  * test renders 500 (1.7ms) [L#8]
  * test renders 404 [L#4]
  * test renders 404 (0.3ms) [L#4]

FulfillmentPipelineWeb.PageControllerTest [test/fulfillment_pipeline_web/controllers/page_controller_test.exs]
  * test GET / [L#4]
  * test GET / (59.6ms) [L#4]

FulfillmentPipeline.FulfillmentTest [test/fulfillment_pipeline/fulfillment_test.exs]
  * test orders delete_order/1 deletes the order [L#100]
  * test orders delete_order/1 deletes the order (35.0ms) [L#100]
  * test orders create_order/1 with valid data creates a order [L#34]
  * test orders create_order/1 with valid data creates a order (2.4ms) [L#34]
  * test orders get_order!/1 returns the order with given id [L#29]
  * test orders get_order!/1 returns the order with given id (6.7ms) [L#29]
  * test orders change_order/1 returns a order changeset [L#106]
  * test orders change_order/1 returns a order changeset (1.8ms) [L#106]
  * test orders create_order/1 with invalid data returns error changeset [L#61]
  * test orders create_order/1 with invalid data returns error changeset (0.4ms) [L#61]
  * test orders update_order/2 with invalid data returns error changeset [L#94]
  * test orders update_order/2 with invalid data returns error changeset (2.2ms) [L#94]
  * test orders list_orders/0 returns all orders [L#24]
  * test orders list_orders/0 returns all orders (1.8ms) [L#24]
  * test orders update_order/2 with valid data updates the order [L#65]
  * test orders update_order/2 with valid data updates the order (2.0ms) [L#65]

Finished in 0.2 seconds (0.1s async, 0.1s sync)

Result: 13 passed
